// Jest Snapshot v1, https://goo.gl/fbAQLP

exports[`<Landing /> renders correctly 1`] = `
<div
  className="container"
/>
`;
